// Jest Snapshot v1, https://goo.gl/fbAQLP

exports[`<ActionSheetProvider> renders correctly 1`] = `null`;
