// Jest Snapshot v1, https://goo.gl/fbAQLP

exports[`<InputButton> renders correctly without props 1`] = `
<View
  accessible={true}
  collapsable={false}
  focusable={true}
  nativeID="animatedComponent"
  onClick={[Function]}
  onResponderGrant={[Function]}
  onResponderMove={[Function]}
  onResponderRelease={[Function]}
  onResponderTerminate={[Function]}
  onResponderTerminationRequest={[Function]}
  onStartShouldSetResponder={[Function]}
  style={
    Object {
      "flex": 0,
      "flexDirection": "row",
      "opacity": 1,
    }
  }
>
  <View
    style={
      Object {
        "flexDirection": "row",
        "height": 50,
        "justifyContent": "center",
      }
    }
  >
    <Text
      style={
        Object {
          "color": "#007aff",
          "fontSize": 18,
          "margin": 8,
          "textAlign": "center",
        }
      }
    />
  </View>
</View>
`;
