// Jest Snapshot v1, https://goo.gl/fbAQLP

exports[`<ModalDialogButton> onPress prop should properly call callback 1`] = `
<View
  accessible={true}
  collapsable={false}
  focusable={true}
  nativeID="animatedComponent"
  onClick={[Function]}
  onResponderGrant={[Function]}
  onResponderMove={[Function]}
  onResponderRelease={[Function]}
  onResponderTerminate={[Function]}
  onResponderTerminationRequest={[Function]}
  onStartShouldSetResponder={[Function]}
  style={
    Object {
      "flex": 0,
      "flexDirection": "row",
      "opacity": 1,
    }
  }
>
  <View
    style={
      Object {
        "alignItems": "center",
        "flexDirection": "row",
        "flexGrow": 1,
        "height": 56,
        "justifyContent": "center",
      }
    }
  >
    <Text
      style={
        Object {
          "color": "#007aff",
          "fontSize": 20,
        }
      }
    >
      My Title
    </Text>
  </View>
</View>
`;

exports[`<ModalDialogButton> renders correctly 1`] = `
<View
  accessible={true}
  collapsable={false}
  focusable={true}
  nativeID="animatedComponent"
  onClick={[Function]}
  onResponderGrant={[Function]}
  onResponderMove={[Function]}
  onResponderRelease={[Function]}
  onResponderTerminate={[Function]}
  onResponderTerminationRequest={[Function]}
  onStartShouldSetResponder={[Function]}
  style={
    Object {
      "flex": 0,
      "flexDirection": "row",
      "opacity": 1,
    }
  }
>
  <View
    style={
      Object {
        "alignItems": "center",
        "flexDirection": "row",
        "flexGrow": 1,
        "height": 56,
        "justifyContent": "center",
      }
    }
  >
    <Text
      style={
        Object {
          "color": "#007aff",
          "fontSize": 20,
        }
      }
    >
      My Title
    </Text>
  </View>
</View>
`;
