// Jest Snapshot v1, https://goo.gl/fbAQLP

exports[`propel-kit export a proper interface 1`] = `
Object {
  "ActionSheet": Object {
    "$$typeof": Symbol(react.forward_ref),
    "render": [Function],
  },
  "ActionSheetContext": Object {
    "$$typeof": Symbol(react.context),
    "Consumer": Object {
      "$$typeof": Symbol(react.context),
      "_calculateChangedBits": null,
      "_context": [Circular],
    },
    "Provider": Object {
      "$$typeof": Symbol(react.provider),
      "_context": [Circular],
    },
    "_calculateChangedBits": null,
    "_currentRenderer": null,
    "_currentRenderer2": null,
    "_currentValue": null,
    "_currentValue2": null,
    "_threadCount": 0,
  },
  "ActionSheetProvider": [Function],
  "ActionSheetProviderDefaultProps": Object {
    "native": true,
  },
  "BackdropContext": Object {
    "$$typeof": Symbol(react.context),
    "Consumer": Object {
      "$$typeof": Symbol(react.context),
      "_calculateChangedBits": null,
      "_context": [Circular],
    },
    "Provider": Object {
      "$$typeof": Symbol(react.provider),
      "_context": [Circular],
    },
    "_calculateChangedBits": null,
    "_currentRenderer": null,
    "_currentRenderer2": null,
    "_currentValue": null,
    "_currentValue2": null,
    "_threadCount": 0,
  },
  "BackdropProvider": [Function],
  "Button": [Function],
  "DatePicker": Object {
    "$$typeof": Symbol(react.forward_ref),
    "render": [Function],
  },
  "DateTimePicker": Object {
    "$$typeof": Symbol(react.forward_ref),
    "render": [Function],
  },
  "InputButton": [Function],
  "ModalDialog": Object {
    "$$typeof": Symbol(react.forward_ref),
    "render": [Function],
  },
  "ModalDialogButton": [Function],
  "MonthPicker": Object {
    "$$typeof": Symbol(react.forward_ref),
    "render": [Function],
  },
  "Pressable": [Function],
  "Select": Object {
    "$$typeof": Symbol(react.forward_ref),
    "Item": [Function],
    "render": [Function],
  },
  "SelectItem": [Function],
  "TimePicker": Object {
    "$$typeof": Symbol(react.forward_ref),
    "render": [Function],
  },
  "YearPicker": Object {
    "$$typeof": Symbol(react.forward_ref),
    "render": [Function],
  },
  "actionSheetDefaultProps": Object {
    "backgroundColor": "white",
    "cancelTitle": "Cancel",
    "destructiveButtonColor": "#ff3b30",
  },
  "actionSheetDefaultStyles": Object {
    "body": Object {
      "backgroundColor": "transparent",
      "borderBottomEndRadius": 12,
      "borderBottomStartRadius": 12,
      "flexDirection": "column",
      "flexShrink": 1,
      "opacity": 0.85,
    },
    "cancel": Object {
      "borderRadius": 12,
      "fontWeight": "600",
      "marginTop": 8,
    },
    "confirm": Object {},
    "container": Object {
      "alignItems": "stretch",
      "flexDirection": "column",
      "marginBottom": 8,
      "marginHorizontal": 8,
      "maxHeight": 1326,
    },
    "footer": Object {},
    "header": Object {
      "alignItems": "center",
      "borderTopLeftRadius": 12,
      "borderTopRightRadius": 12,
      "opacity": 0.85,
      "padding": 16,
    },
    "lastOptionExtra": Object {
      "borderBottomLeftRadius": 12,
      "borderBottomRightRadius": 12,
    },
    "message": Object {
      "color": "#888",
      "fontSize": 13,
      "fontWeight": "400",
      "paddingBottom": 12,
      "textAlign": "center",
    },
    "modal": Object {
      "flex": 1,
      "justifyContent": "flex-end",
    },
    "option": Object {
      "marginTop": 0.5,
    },
    "title": Object {
      "color": "#888",
      "fontSize": 14,
      "fontWeight": "500",
      "paddingBottom": 12,
      "textAlign": "center",
    },
  },
  "backdropProviderDefaultProps": Object {
    "backgroundColor": "black",
    "duration": 300,
    "easing": [Function],
    "opacity": 0.25,
    "useNativeDriver": true,
    "zIndex": 99,
  },
  "buttonDefaultProps": Object {
    "TouchableComponent": Object {
      "$$typeof": Symbol(react.forward_ref),
      "render": [Function],
    },
    "defaultStyles": "object",
  },
  "buttonDefaultStyles": Object {
    "disabledText": Object {
      "color": "#cdcdcd",
    },
    "disabledView": Object {},
    "text": Object {
      "color": "#007aff",
      "fontSize": 18,
      "margin": 8,
      "textAlign": "center",
    },
    "view": Object {
      "flexDirection": "row",
      "height": 50,
      "justifyContent": "center",
    },
  },
  "datePickerDefaultProps": Object {
    "InputButtonComponent": [Function],
    "androidDisplay": "default",
    "display": "inline",
    "initialValue": 2021-11-09T23:00:00.000Z,
    "labelExtractor": [Function],
    "locale": undefined,
    "mode": "date",
    "trim": false,
    "utc": false,
  },
  "defaultStyles": Object {
    "disabledText": Object {
      "color": "#cdcdcd",
    },
    "disabledView": Object {},
    "text": Object {
      "color": "#007aff",
      "fontSize": 20,
    },
    "view": Object {
      "alignItems": "center",
      "flexDirection": "row",
      "flexGrow": 1,
      "height": 56,
      "justifyContent": "center",
    },
  },
  "inputButtonDefaultProps": Object {
    "placeholderTextColor": "#c7c7cc",
  },
  "inputButtonDefaultStyles": Object {
    "disabledText": Object {
      "color": "#cdcdcd",
    },
    "disabledView": Object {},
    "text": Object {
      "color": "black",
      "fontSize": 14,
    },
    "view": Object {
      "alignItems": "center",
      "justifyContent": "flex-start",
    },
  },
  "modalDialogDefaultProps": Object {
    "animationType": "slide",
    "backgroundColor": "white",
    "cancelTitle": "Cancel",
    "confirmTitle": "Confirm",
    "transparent": true,
  },
  "modalDialogDefaultStyles": Object {
    "body": Object {
      "flexDirection": "column",
      "flexShrink": 1,
    },
    "cancel": Object {
      "borderRadius": 12,
      "fontWeight": "600",
      "marginTop": 24,
    },
    "confirm": Object {
      "borderBottomLeftRadius": 12,
      "borderBottomRightRadius": 12,
      "fontWeight": "400",
    },
    "container": Object {
      "alignItems": "stretch",
      "flexDirection": "column",
      "marginBottom": 8,
      "marginHorizontal": 8,
      "maxHeight": 1326,
    },
    "footer": Object {
      "borderBottomLeftRadius": 12,
      "borderBottomRightRadius": 12,
    },
    "header": Object {
      "alignItems": "center",
      "borderTopLeftRadius": 12,
      "borderTopRightRadius": 12,
      "padding": 16,
    },
    "message": Object {
      "color": "#888",
      "fontSize": 13,
      "fontWeight": "400",
      "paddingBottom": 12,
      "textAlign": "center",
    },
    "modal": Object {
      "flex": 1,
      "justifyContent": "flex-end",
    },
    "title": Object {
      "color": "#888",
      "fontSize": 14,
      "fontWeight": "500",
      "paddingBottom": 12,
      "textAlign": "center",
    },
  },
  "monthPickerDefaultProps": Object {
    "InputButtonComponent": [Function],
    "initialValue": 2021-11-01T00:00:00.000Z,
    "labelExtractor": [Function],
    "locale": undefined,
    "trim": false,
    "utc": false,
  },
  "pressableDefaultProps": Object {
    "TouchableComponent": Object {
      "$$typeof": Symbol(react.forward_ref),
      "render": [Function],
    },
  },
  "pressableDefaultStyles": Object {
    "disabledText": Object {
      "color": "#cdcdcd",
    },
    "disabledView": Object {},
    "text": Object {
      "alignSelf": "center",
      "color": "#007aff",
      "fontSize": 18,
    },
    "view": Object {
      "flexDirection": "row",
      "height": 50,
      "justifyContent": "center",
    },
  },
  "selectDefaultProps": Object {
    "InputButtonComponent": [Function],
  },
  "yearPickerDefaultProps": Object {
    "InputButtonComponent": [Function],
    "initialValue": 2021,
    "labelExtractor": [Function],
    "locale": undefined,
    "maxValue": 2041,
    "minValue": 1971,
  },
}
`;
