// Jest Snapshot v1, https://goo.gl/fbAQLP

exports[`<BackdropProvider> renders correctly 1`] = `
<View
  collapsable={false}
  nativeID="animatedComponent"
  style={
    Object {
      "backgroundColor": "black",
      "bottom": 0,
      "display": "flex",
      "left": 0,
      "opacity": 0,
      "position": "absolute",
      "right": 0,
      "top": 0,
      "zIndex": 99,
    }
  }
/>
`;
